Nothing to build in platform 'test_design_1_wrapper'

02:44:39 **** Incremental Build of configuration Debug for project hw5_testing_vitis ****
make all 
make --no-print-directory pre-build
a9-linaro-pre-build-step
' '
make --no-print-directory main-build
'Building file: ../src/main.c'
'Invoking: ARM v7 gcc compiler'
arm-none-eabi-gcc -Wall -O0 -g3 -c -fmessage-length=0 -MT"src/main.o" -mcpu=cortex-a9 -mfpu=vfpv3 -mfloat-abi=hard -IC:/Users/u4m61/Desktop/FPGA/hw5/vitis/test_design_1_wrapper/export/test_design_1_wrapper/sw/test_design_1_wrapper/standalone_ps7_cortexa9_0/bspinclude/include -MMD -MP -MF"src/main.d" -MT"src/main.o" -o "src/main.o" "../src/main.c"
'Finished building: ../src/main.c'
' '
'Building target: hw5_testing_vitis.elf'
'Invoking: ARM v7 gcc linker'
arm-none-eabi-gcc -mcpu=cortex-a9 -mfpu=vfpv3 -mfloat-abi=hard -Wl,-build-id=none -specs=Xilinx.spec -Wl,-T -Wl,../src/lscript.ld -LC:/Users/u4m61/Desktop/FPGA/hw5/vitis/test_design_1_wrapper/export/test_design_1_wrapper/sw/test_design_1_wrapper/standalone_ps7_cortexa9_0/bsplib/lib -o "hw5_testing_vitis.elf"  ./src/main.o   -Wl,--start-group,-lxil,-lgcc,-lc,--end-group
'Finished building target: hw5_testing_vitis.elf'
' '
'Invoking: ARM v7 Print Size'
arm-none-eabi-size hw5_testing_vitis.elf  |tee "hw5_testing_vitis.elf.size"
   text	   data	    bss	    dec	    hex	filename
  49656	   2548	  22640	  74844	  1245c	hw5_testing_vitis.elf
'Finished building: hw5_testing_vitis.elf.size'
' '
